// Jest Snapshot v1, https://goo.gl/fbAQLP

exports[`Area chart matches snapshot 1`] = `
<svg
  class="recharts-surface"
  height="500"
  id="area-chart"
  version="1.1"
  viewBox="0 0 800 500"
  width="800"
>
  <defs>
    <clippath
      id="area-chart-clip"
    >
      <rect
        height="460"
        width="710"
        x="60"
        y="10"
      />
    </clippath>
  </defs>
  <g
    class="recharts-cartesian-grid"
  >
    <g
      class="recharts-cartesian-grid-horizontal"
    >
      <line
        fill="none"
        height="460"
        offset="[object Object]"
        stroke="#ccc"
        stroke-dasharray="4 4"
        width="710"
        x="60"
        x1="60"
        x2="770"
        y="10"
        y1="470"
        y2="470"
      />
      <line
        fill="none"
        height="460"
        offset="[object Object]"
        stroke="#ccc"
        stroke-dasharray="4 4"
        width="710"
        x="60"
        x1="60"
        x2="770"
        y="10"
        y1="355"
        y2="355"
      />
      <line
        fill="none"
        height="460"
        offset="[object Object]"
        stroke="#ccc"
        stroke-dasharray="4 4"
        width="710"
        x="60"
        x1="60"
        x2="770"
        y="10"
        y1="240"
        y2="240"
      />
      <line
        fill="none"
        height="460"
        offset="[object Object]"
        stroke="#ccc"
        stroke-dasharray="4 4"
        width="710"
        x="60"
        x1="60"
        x2="770"
        y="10"
        y1="125"
        y2="125"
      />
      <line
        fill="none"
        height="460"
        offset="[object Object]"
        stroke="#ccc"
        stroke-dasharray="4 4"
        width="710"
        x="60"
        x1="60"
        x2="770"
        y="10"
        y1="10"
        y2="10"
      />
    </g>
    <g
      class="recharts-cartesian-grid-vertical"
    >
      <line
        fill="none"
        height="460"
        offset="[object Object]"
        stroke="#ccc"
        stroke-dasharray="4 4"
        width="710"
        x="60"
        x1="60"
        x2="60"
        y="10"
        y1="10"
        y2="470"
      />
      <line
        fill="none"
        height="460"
        offset="[object Object]"
        stroke="#ccc"
        stroke-dasharray="4 4"
        width="710"
        x="60"
        x1="770"
        x2="770"
        y="10"
        y1="10"
        y2="470"
      />
    </g>
  </g>
  <g
    class="recharts-layer recharts-cartesian-axis recharts-xAxis xAxis"
  >
    <line
      class="recharts-cartesian-axis-line"
      fill="none"
      height="30"
      orientation="bottom"
      stroke="#666"
      type="category"
      width="710"
      x="60"
      x1="60"
      x2="770"
      y="470"
      y1="470"
      y2="470"
    />
    <g
      class="recharts-cartesian-axis-ticks"
    >
      <g
        class="recharts-layer recharts-cartesian-axis-tick"
      >
        <line
          class="recharts-cartesian-axis-tick-line"
          fill="none"
          height="30"
          orientation="bottom"
          stroke="#666"
          type="category"
          width="710"
          x="60"
          x1="60"
          x2="60"
          y="470"
          y1="476"
          y2="470"
        />
        <text
          class="recharts-text recharts-cartesian-axis-tick-value"
          fill="#666"
          height="30"
          orientation="bottom"
          stroke="none"
          text-anchor="middle"
          type="category"
          width="710"
          x="60"
          y="486"
        >
          <tspan
            dy="0.71em"
            x="60"
          >
            March 22
          </tspan>
        </text>
      </g>
      <g
        class="recharts-layer recharts-cartesian-axis-tick"
      >
        <line
          class="recharts-cartesian-axis-tick-line"
          fill="none"
          height="30"
          orientation="bottom"
          stroke="#666"
          type="category"
          width="710"
          x="60"
          x1="770"
          x2="770"
          y="470"
          y1="476"
          y2="470"
        />
        <text
          class="recharts-text recharts-cartesian-axis-tick-value"
          fill="#666"
          height="30"
          orientation="bottom"
          stroke="none"
          text-anchor="middle"
          type="category"
          width="710"
          x="770"
          y="486"
        >
          <tspan
            dy="0.71em"
            x="770"
          >
            February 22
          </tspan>
        </text>
      </g>
    </g>
  </g>
  <g
    class="recharts-layer recharts-cartesian-axis recharts-yAxis yAxis"
  >
    <line
      class="recharts-cartesian-axis-line"
      fill="none"
      height="460"
      orientation="left"
      stroke="#666"
      type="number"
      width="60"
      x="0"
      x1="60"
      x2="60"
      y="10"
      y1="10"
      y2="470"
    />
    <g
      class="recharts-cartesian-axis-ticks"
    >
      <g
        class="recharts-layer recharts-cartesian-axis-tick"
      >
        <line
          class="recharts-cartesian-axis-tick-line"
          fill="none"
          height="460"
          orientation="left"
          stroke="#666"
          type="number"
          width="60"
          x="0"
          x1="54"
          x2="60"
          y="10"
          y1="470"
          y2="470"
        />
        <text
          class="recharts-text recharts-cartesian-axis-tick-value"
          fill="#666"
          height="460"
          orientation="left"
          stroke="none"
          text-anchor="end"
          type="number"
          width="60"
          x="52"
          y="470"
        >
          <tspan
            dy="0.355em"
            x="52"
          >
            0
          </tspan>
        </text>
      </g>
      <g
        class="recharts-layer recharts-cartesian-axis-tick"
      >
        <line
          class="recharts-cartesian-axis-tick-line"
          fill="none"
          height="460"
          orientation="left"
          stroke="#666"
          type="number"
          width="60"
          x="0"
          x1="54"
          x2="60"
          y="10"
          y1="355"
          y2="355"
        />
        <text
          class="recharts-text recharts-cartesian-axis-tick-value"
          fill="#666"
          height="460"
          orientation="left"
          stroke="none"
          text-anchor="end"
          type="number"
          width="60"
          x="52"
          y="355"
        >
          <tspan
            dy="0.355em"
            x="52"
          >
            20
          </tspan>
        </text>
      </g>
      <g
        class="recharts-layer recharts-cartesian-axis-tick"
      >
        <line
          class="recharts-cartesian-axis-tick-line"
          fill="none"
          height="460"
          orientation="left"
          stroke="#666"
          type="number"
          width="60"
          x="0"
          x1="54"
          x2="60"
          y="10"
          y1="240"
          y2="240"
        />
        <text
          class="recharts-text recharts-cartesian-axis-tick-value"
          fill="#666"
          height="460"
          orientation="left"
          stroke="none"
          text-anchor="end"
          type="number"
          width="60"
          x="52"
          y="240"
        >
          <tspan
            dy="0.355em"
            x="52"
          >
            40
          </tspan>
        </text>
      </g>
      <g
        class="recharts-layer recharts-cartesian-axis-tick"
      >
        <line
          class="recharts-cartesian-axis-tick-line"
          fill="none"
          height="460"
          orientation="left"
          stroke="#666"
          type="number"
          width="60"
          x="0"
          x1="54"
          x2="60"
          y="10"
          y1="125"
          y2="125"
        />
        <text
          class="recharts-text recharts-cartesian-axis-tick-value"
          fill="#666"
          height="460"
          orientation="left"
          stroke="none"
          text-anchor="end"
          type="number"
          width="60"
          x="52"
          y="125"
        >
          <tspan
            dy="0.355em"
            x="52"
          >
            60
          </tspan>
        </text>
      </g>
      <g
        class="recharts-layer recharts-cartesian-axis-tick"
      >
        <line
          class="recharts-cartesian-axis-tick-line"
          fill="none"
          height="460"
          orientation="left"
          stroke="#666"
          type="number"
          width="60"
          x="0"
          x1="54"
          x2="60"
          y="10"
          y1="10"
          y2="10"
        />
        <text
          class="recharts-text recharts-cartesian-axis-tick-value"
          fill="#666"
          height="460"
          orientation="left"
          stroke="none"
          text-anchor="end"
          type="number"
          width="60"
          x="52"
          y="10"
        >
          <tspan
            dy="0.355em"
            x="52"
          >
            80
          </tspan>
        </text>
      </g>
    </g>
  </g>
  <g
    class="recharts-layer recharts-area"
  >
    <g
      class="recharts-layer"
    >
      <defs>
        <clippath
          id="animationClipPath-recharts-area-2"
        >
          <rect
            height="471"
            width="0"
            x="60"
            y="0"
          />
        </clippath>
      </defs>
      <g
        class="recharts-layer"
        clip-path="url(#animationClipPath-recharts-area-2)"
      >
        <g
          class="recharts-layer"
        >
          <path
            class="recharts-curve recharts-area-area"
            d="M60,113.49999999999999L770,27.24999999999999L770,470L60,470Z"
            fill="#8884d8"
            fill-opacity="0.6"
            height="460"
            name="Efektivita"
            points="[object Object],[object Object]"
            stroke="none"
            type="monotone"
            width="710"
          />
          <path
            class="recharts-curve recharts-area-curve"
            d="M60,113.49999999999999L770,27.24999999999999"
            fill="none"
            fill-opacity="0.6"
            height="460"
            name="Efektivita"
            points="[object Object],[object Object]"
            stroke="#8884d8"
            type="monotone"
            width="710"
          />
        </g>
      </g>
    </g>
  </g>
</svg>
`;
