// Jest Snapshot v1, https://goo.gl/fbAQLP

exports[`Bar chart matches snapshot 1`] = `
<svg
  class="recharts-surface"
  height="500"
  id="bar-chart"
  version="1.1"
  viewBox="0 0 800 500"
  width="800"
>
  <defs>
    <clippath
      id="bar-chart-clip"
    >
      <rect
        height="460"
        width="690"
        x="80"
        y="5"
      />
    </clippath>
  </defs>
  <g
    class="recharts-cartesian-grid"
  >
    <g
      class="recharts-cartesian-grid-horizontal"
    >
      <line
        fill="none"
        height="460"
        offset="[object Object]"
        stroke="#ccc"
        stroke-dasharray="4 4"
        width="690"
        x="80"
        x1="80"
        x2="770"
        y="5"
        y1="465"
        y2="465"
      />
      <line
        fill="none"
        height="460"
        offset="[object Object]"
        stroke="#ccc"
        stroke-dasharray="4 4"
        width="690"
        x="80"
        x1="80"
        x2="770"
        y="5"
        y1="350"
        y2="350"
      />
      <line
        fill="none"
        height="460"
        offset="[object Object]"
        stroke="#ccc"
        stroke-dasharray="4 4"
        width="690"
        x="80"
        x1="80"
        x2="770"
        y="5"
        y1="235"
        y2="235"
      />
      <line
        fill="none"
        height="460"
        offset="[object Object]"
        stroke="#ccc"
        stroke-dasharray="4 4"
        width="690"
        x="80"
        x1="80"
        x2="770"
        y="5"
        y1="120"
        y2="120"
      />
      <line
        fill="none"
        height="460"
        offset="[object Object]"
        stroke="#ccc"
        stroke-dasharray="4 4"
        width="690"
        x="80"
        x1="80"
        x2="770"
        y="5"
        y1="5"
        y2="5"
      />
    </g>
    <g
      class="recharts-cartesian-grid-vertical"
    >
      <line
        fill="none"
        height="460"
        offset="[object Object]"
        stroke="#ccc"
        stroke-dasharray="4 4"
        width="690"
        x="80"
        x1="252.5"
        x2="252.5"
        y="5"
        y1="5"
        y2="465"
      />
      <line
        fill="none"
        height="460"
        offset="[object Object]"
        stroke="#ccc"
        stroke-dasharray="4 4"
        width="690"
        x="80"
        x1="597.5"
        x2="597.5"
        y="5"
        y1="5"
        y2="465"
      />
      <line
        fill="none"
        height="460"
        offset="[object Object]"
        stroke="#ccc"
        stroke-dasharray="4 4"
        width="690"
        x="80"
        x1="80"
        x2="80"
        y="5"
        y1="5"
        y2="465"
      />
      <line
        fill="none"
        height="460"
        offset="[object Object]"
        stroke="#ccc"
        stroke-dasharray="4 4"
        width="690"
        x="80"
        x1="770"
        x2="770"
        y="5"
        y1="5"
        y2="465"
      />
    </g>
  </g>
  <g
    class="recharts-layer recharts-cartesian-axis recharts-xAxis xAxis"
  >
    <line
      class="recharts-cartesian-axis-line"
      fill="none"
      height="30"
      orientation="bottom"
      stroke="#666"
      type="category"
      width="690"
      x="80"
      x1="80"
      x2="770"
      y="465"
      y1="465"
      y2="465"
    />
    <g
      class="recharts-cartesian-axis-ticks"
    >
      <g
        class="recharts-layer recharts-cartesian-axis-tick"
      >
        <line
          class="recharts-cartesian-axis-tick-line"
          fill="none"
          height="30"
          orientation="bottom"
          stroke="#666"
          type="category"
          width="690"
          x="80"
          x1="252.5"
          x2="252.5"
          y="465"
          y1="471"
          y2="465"
        />
        <text
          class="recharts-text recharts-cartesian-axis-tick-value"
          fill="#666"
          height="30"
          orientation="bottom"
          stroke="none"
          text-anchor="middle"
          type="category"
          width="690"
          x="252.5"
          y="473"
        >
          <tspan
            dy="0.71em"
            x="252.5"
          >
            1. Test
          </tspan>
        </text>
      </g>
      <g
        class="recharts-layer recharts-cartesian-axis-tick"
      >
        <line
          class="recharts-cartesian-axis-tick-line"
          fill="none"
          height="30"
          orientation="bottom"
          stroke="#666"
          type="category"
          width="690"
          x="80"
          x1="597.5"
          x2="597.5"
          y="465"
          y1="471"
          y2="465"
        />
        <text
          class="recharts-text recharts-cartesian-axis-tick-value"
          fill="#666"
          height="30"
          orientation="bottom"
          stroke="none"
          text-anchor="middle"
          type="category"
          width="690"
          x="597.5"
          y="473"
        >
          <tspan
            dy="0.71em"
            x="597.5"
          >
            2. Test2
          </tspan>
        </text>
      </g>
    </g>
  </g>
  <g
    class="recharts-layer recharts-cartesian-axis recharts-yAxis yAxis"
  >
    <line
      class="recharts-cartesian-axis-line"
      fill="none"
      height="460"
      orientation="left"
      stroke="#666"
      type="number"
      width="60"
      x="20"
      x1="80"
      x2="80"
      y="5"
      y1="5"
      y2="465"
    />
    <g
      class="recharts-cartesian-axis-ticks"
    >
      <g
        class="recharts-layer recharts-cartesian-axis-tick"
      >
        <line
          class="recharts-cartesian-axis-tick-line"
          fill="none"
          height="460"
          orientation="left"
          stroke="#666"
          type="number"
          width="60"
          x="20"
          x1="74"
          x2="80"
          y="5"
          y1="465"
          y2="465"
        />
        <text
          class="recharts-text recharts-cartesian-axis-tick-value"
          fill="#666"
          height="460"
          orientation="left"
          stroke="none"
          text-anchor="end"
          type="number"
          width="60"
          x="72"
          y="465"
        >
          <tspan
            dy="0.355em"
            x="72"
          >
            0
          </tspan>
        </text>
      </g>
      <g
        class="recharts-layer recharts-cartesian-axis-tick"
      >
        <line
          class="recharts-cartesian-axis-tick-line"
          fill="none"
          height="460"
          orientation="left"
          stroke="#666"
          type="number"
          width="60"
          x="20"
          x1="74"
          x2="80"
          y="5"
          y1="350"
          y2="350"
        />
        <text
          class="recharts-text recharts-cartesian-axis-tick-value"
          fill="#666"
          height="460"
          orientation="left"
          stroke="none"
          text-anchor="end"
          type="number"
          width="60"
          x="72"
          y="350"
        >
          <tspan
            dy="0.355em"
            x="72"
          >
            40
          </tspan>
        </text>
      </g>
      <g
        class="recharts-layer recharts-cartesian-axis-tick"
      >
        <line
          class="recharts-cartesian-axis-tick-line"
          fill="none"
          height="460"
          orientation="left"
          stroke="#666"
          type="number"
          width="60"
          x="20"
          x1="74"
          x2="80"
          y="5"
          y1="235"
          y2="235"
        />
        <text
          class="recharts-text recharts-cartesian-axis-tick-value"
          fill="#666"
          height="460"
          orientation="left"
          stroke="none"
          text-anchor="end"
          type="number"
          width="60"
          x="72"
          y="235"
        >
          <tspan
            dy="0.355em"
            x="72"
          >
            80
          </tspan>
        </text>
      </g>
      <g
        class="recharts-layer recharts-cartesian-axis-tick"
      >
        <line
          class="recharts-cartesian-axis-tick-line"
          fill="none"
          height="460"
          orientation="left"
          stroke="#666"
          type="number"
          width="60"
          x="20"
          x1="74"
          x2="80"
          y="5"
          y1="120"
          y2="120"
        />
        <text
          class="recharts-text recharts-cartesian-axis-tick-value"
          fill="#666"
          height="460"
          orientation="left"
          stroke="none"
          text-anchor="end"
          type="number"
          width="60"
          x="72"
          y="120"
        >
          <tspan
            dy="0.355em"
            x="72"
          >
            120
          </tspan>
        </text>
      </g>
      <g
        class="recharts-layer recharts-cartesian-axis-tick"
      >
        <line
          class="recharts-cartesian-axis-tick-line"
          fill="none"
          height="460"
          orientation="left"
          stroke="#666"
          type="number"
          width="60"
          x="20"
          x1="74"
          x2="80"
          y="5"
          y1="5"
          y2="5"
        />
        <text
          class="recharts-text recharts-cartesian-axis-tick-value"
          fill="#666"
          height="460"
          orientation="left"
          stroke="none"
          text-anchor="end"
          type="number"
          width="60"
          x="72"
          y="5"
        >
          <tspan
            dy="0.355em"
            x="72"
          >
            160
          </tspan>
        </text>
      </g>
    </g>
  </g>
  <g
    class="recharts-layer recharts-bar"
  >
    <g
      class="recharts-layer recharts-bar-rectangles"
    >
      <g
        class="recharts-layer"
      >
        <g
          class="recharts-layer recharts-bar-rectangle"
        />
        <g
          class="recharts-layer recharts-bar-rectangle"
        />
      </g>
    </g>
  </g>
  <g
    class="recharts-layer recharts-bar"
  >
    <g
      class="recharts-layer recharts-bar-rectangles"
    >
      <g
        class="recharts-layer"
      >
        <g
          class="recharts-layer recharts-bar-rectangle"
        />
        <g
          class="recharts-layer recharts-bar-rectangle"
        />
      </g>
    </g>
  </g>
  <g
    class="recharts-layer recharts-bar"
  >
    <g
      class="recharts-layer recharts-bar-rectangles"
    >
      <g
        class="recharts-layer"
      >
        <g
          class="recharts-layer recharts-bar-rectangle"
        />
        <g
          class="recharts-layer recharts-bar-rectangle"
        />
      </g>
    </g>
  </g>
</svg>
`;
